Resolving dependencies...
Downloading packages...
  characters 1.4.0 (1.4.1 available)
  flutter_lints 3.0.2 (6.0.0 available)
  hooks 1.0.2 (1.0.3 available)
  lints 3.0.0 (6.1.0 available)
  matcher 0.12.17 (0.12.19 available)
  material_color_utilities 0.11.1 (0.13.0 available)
  meta 1.17.0 (1.18.2 available)
  native_toolchain_c 0.17.6 (0.18.0 available)
  petitparser 6.1.0 (7.0.2 available)
  test_api 0.7.7 (0.7.11 available)
  vector_math 2.2.0 (2.3.0 available)
  xml 6.5.0 (7.0.1 available)
Got dependencies!
12 packages have newer versions incompatible with dependency constraints.
Try `flutter pub outdated` for more information.
Launching lib\main.dart on Windows in debug mode...
Building Windows application...                                 
lib/src/core/character/companion_mod.dart(52,11): error G0A556F40: The return type of the method 'CompanionMod.getClassIdentity' is 'dynamic', which does not match the return type, 'ClassIdentity<Loadable>?', of the overridden method, 'Categorized.getClassIdentity'. [P:\projects\magic\flutter_pcgen\build\windows\x64\flutter\flutter_assemble.vcxproj]
C:\Program Files\Microsoft Visual Studio\2022\Community\MSBuild\Microsoft\VC\v170\Microsoft.CppCommon.targets(254,5): error MSB8066: Custom build for 'P:\projects\magic\flutter_pcgen\build\windows\x64\CMakeFiles\56c9ba5ae44bc528e4eee4fedb9d3661\flutter_windows.dll.rule;P:\projects\magic\flutter_pcgen\build\windows\x64\CMakeFiles\5a7a5db025f7e204488bc286eb5863e0\flutter_assemble.rule' exited with code 1. [P:\projects\magic\flutter_pcgen\build\windows\x64\flutter\flutter_assemble.vcxproj]
Building Windows application...                                     7.4s
Error: Build process failed.
